2026-08-28 09:14:02 INFO  build started
2026-08-28 09:14:03 WARN  env var FLAG missing, falling back to decoy
2026-08-28 09:14:01 DEBUG scanning chunk 1/300 ...
2026-08-28 09:14:02 DEBUG scanning chunk 2/300 ...
2026-08-28 09:14:03 DEBUG scanning chunk 3/300 ...
2026-08-28 09:14:04 DEBUG scanning chunk 4/300 ...
2026-08-28 09:14:05 DEBUG scanning chunk 5/300 ...
2026-08-28 09:14:06 DEBUG scanning chunk 6/300 ...
2026-08-28 09:14:07 DEBUG scanning chunk 7/300 ...
2026-08-28 09:14:08 DEBUG scanning chunk 8/300 ...
2026-08-28 09:14:09 DEBUG scanning chunk 9/300 ...
2026-08-28 09:14:10 DEBUG scanning chunk 10/300 ...
2026-08-28 09:14:11 DEBUG almost a flag ... BIC{ALMOST_}
2026-08-28 09:14:12 DEBUG scanning chunk 12/300 ...
2026-08-28 09:14:13 DEBUG scanning chunk 13/300 ...
2026-08-28 09:14:14 DEBUG scanning chunk 14/300 ...
2026-08-28 09:14:15 DEBUG scanning chunk 15/300 ...
2026-08-28 09:14:16 DEBUG scanning chunk 16/300 ...
2026-08-28 09:14:17 DEBUG scanning chunk 17/300 ...
2026-08-28 09:14:18 DEBUG scanning chunk 18/300 ...
2026-08-28 09:14:19 DEBUG scanning chunk 19/300 ...
2026-08-28 09:14:20 DEBUG scanning chunk 20/300 ...
2026-08-28 09:14:21 DEBUG scanning chunk 21/300 ...
2026-08-28 09:14:22 DEBUG almost a flag ... BIC{ALMOST_}
2026-08-28 09:14:23 DEBUG scanning chunk 23/300 ...
2026-08-28 09:14:24 DEBUG scanning chunk 24/300 ...
2026-08-28 09:14:25 DEBUG scanning chunk 25/300 ...
2026-08-28 09:14:26 DEBUG scanning chunk 26/300 ...
2026-08-28 09:14:27 DEBUG scanning chunk 27/300 ...
2026-08-28 09:14:28 DEBUG scanning chunk 28/300 ...
2026-08-28 09:14:29 DEBUG scanning chunk 29/300 ...
2026-08-28 09:14:30 DEBUG scanning chunk 30/300 ...
2026-08-28 09:14:31 DEBUG scanning chunk 31/300 ...
2026-08-28 09:14:32 DEBUG scanning chunk 32/300 ...
2026-08-28 09:14:33 DEBUG almost a flag ... BIC{ALMOST_}
2026-08-28 09:14:34 DEBUG scanning chunk 34/300 ...
2026-08-28 09:14:35 DEBUG scanning chunk 35/300 ...
2026-08-28 09:14:36 DEBUG scanning chunk 36/300 ...
2026-08-28 09:14:37 INFO  candidate flag found: BIC{NOT_THE_FLAG_TRY_AGAIN}
2026-08-28 09:14:38 DEBUG scanning chunk 38/300 ...
2026-08-28 09:14:39 DEBUG scanning chunk 39/300 ...
2026-08-28 09:14:40 DEBUG scanning chunk 40/300 ...
2026-08-28 09:14:41 DEBUG scanning chunk 41/300 ...
2026-08-28 09:14:42 DEBUG scanning chunk 42/300 ...
2026-08-28 09:14:43 DEBUG scanning chunk 43/300 ...
2026-08-28 09:14:44 DEBUG almost a flag ... BIC{ALMOST_}
2026-08-28 09:14:45 DEBUG scanning chunk 45/300 ...
2026-08-28 09:14:46 DEBUG scanning chunk 46/300 ...
2026-08-28 09:14:47 DEBUG scanning chunk 47/300 ...
2026-08-28 09:14:48 DEBUG scanning chunk 48/300 ...
2026-08-28 09:14:49 DEBUG scanning chunk 49/300 ...
2026-08-28 09:14:50 DEBUG scanning chunk 50/300 ...
2026-08-28 09:14:51 DEBUG scanning chunk 51/300 ...
2026-08-28 09:14:52 DEBUG scanning chunk 52/300 ...
2026-08-28 09:14:53 DEBUG scanning chunk 53/300 ...
2026-08-28 09:14:54 DEBUG scanning chunk 54/300 ...
2026-08-28 09:14:55 DEBUG almost a flag ... BIC{ALMOST_}
2026-08-28 09:14:56 DEBUG scanning chunk 56/300 ...
2026-08-28 09:14:57 DEBUG scanning chunk 57/300 ...
2026-08-28 09:14:58 DEBUG scanning chunk 58/300 ...
2026-08-28 09:14:59 DEBUG scanning chunk 59/300 ...
2026-08-28 09:14:00 DEBUG scanning chunk 60/300 ...
2026-08-28 09:14:01 DEBUG scanning chunk 61/300 ...
2026-08-28 09:14:02 DEBUG scanning chunk 62/300 ...
2026-08-28 09:14:03 DEBUG scanning chunk 63/300 ...
2026-08-28 09:14:04 DEBUG scanning chunk 64/300 ...
2026-08-28 09:14:05 DEBUG scanning chunk 65/300 ...
2026-08-28 09:14:06 DEBUG almost a flag ... BIC{ALMOST_}
2026-08-28 09:14:07 DEBUG scanning chunk 67/300 ...
2026-08-28 09:14:08 DEBUG scanning chunk 68/300 ...
2026-08-28 09:14:09 DEBUG scanning chunk 69/300 ...
2026-08-28 09:14:10 DEBUG scanning chunk 70/300 ...
2026-08-28 09:14:11 DEBUG scanning chunk 71/300 ...
2026-08-28 09:14:12 DEBUG scanning chunk 72/300 ...
2026-08-28 09:14:13 DEBUG scanning chunk 73/300 ...
2026-08-28 09:14:14 INFO  candidate flag found: BIC{NOT_THE_FLAG_TRY_AGAIN}
2026-08-28 09:14:15 DEBUG scanning chunk 75/300 ...
2026-08-28 09:14:16 DEBUG scanning chunk 76/300 ...
2026-08-28 09:14:17 DEBUG almost a flag ... BIC{ALMOST_}
2026-08-28 09:14:18 DEBUG scanning chunk 78/300 ...
2026-08-28 09:14:19 DEBUG scanning chunk 79/300 ...
2026-08-28 09:14:20 DEBUG scanning chunk 80/300 ...
2026-08-28 09:14:21 DEBUG scanning chunk 81/300 ...
2026-08-28 09:14:22 DEBUG scanning chunk 82/300 ...
2026-08-28 09:14:23 DEBUG scanning chunk 83/300 ...
2026-08-28 09:14:24 DEBUG scanning chunk 84/300 ...
2026-08-28 09:14:25 DEBUG scanning chunk 85/300 ...
2026-08-28 09:14:26 DEBUG scanning chunk 86/300 ...
2026-08-28 09:14:27 DEBUG scanning chunk 87/300 ...
2026-08-28 09:14:28 DEBUG almost a flag ... BIC{ALMOST_}
2026-08-28 09:14:29 DEBUG scanning chunk 89/300 ...
2026-08-28 09:14:30 DEBUG scanning chunk 90/300 ...
2026-08-28 09:14:31 DEBUG scanning chunk 91/300 ...
2026-08-28 09:14:32 DEBUG scanning chunk 92/300 ...
2026-08-28 09:14:33 DEBUG scanning chunk 93/300 ...
2026-08-28 09:14:34 DEBUG scanning chunk 94/300 ...
2026-08-28 09:14:35 DEBUG scanning chunk 95/300 ...
2026-08-28 09:14:36 DEBUG scanning chunk 96/300 ...
2026-08-28 09:14:37 DEBUG scanning chunk 97/300 ...
2026-08-28 09:14:38 DEBUG scanning chunk 98/300 ...
2026-08-28 09:14:39 DEBUG almost a flag ... BIC{ALMOST_}
2026-08-28 09:14:40 DEBUG scanning chunk 100/300 ...
2026-08-28 09:14:41 DEBUG scanning chunk 101/300 ...
2026-08-28 09:14:42 DEBUG scanning chunk 102/300 ...
2026-08-28 09:14:43 DEBUG scanning chunk 103/300 ...
2026-08-28 09:14:44 DEBUG scanning chunk 104/300 ...
2026-08-28 09:14:45 DEBUG scanning chunk 105/300 ...
2026-08-28 09:14:46 DEBUG scanning chunk 106/300 ...
2026-08-28 09:14:47 DEBUG scanning chunk 107/300 ...
2026-08-28 09:14:48 DEBUG scanning chunk 108/300 ...
2026-08-28 09:14:49 DEBUG scanning chunk 109/300 ...
2026-08-28 09:14:50 DEBUG almost a flag ... BIC{ALMOST_}
2026-08-28 09:14:51 INFO  candidate flag found: BIC{NOT_THE_FLAG_TRY_AGAIN}
2026-08-28 09:14:52 DEBUG scanning chunk 112/300 ...
2026-08-28 09:14:53 DEBUG scanning chunk 113/300 ...
2026-08-28 09:14:54 DEBUG scanning chunk 114/300 ...
2026-08-28 09:14:55 DEBUG scanning chunk 115/300 ...
2026-08-28 09:14:56 DEBUG scanning chunk 116/300 ...
2026-08-28 09:14:57 DEBUG scanning chunk 117/300 ...
2026-08-28 09:14:58 DEBUG scanning chunk 118/300 ...
2026-08-28 09:14:59 DEBUG scanning chunk 119/300 ...
2026-08-28 09:14:00 DEBUG scanning chunk 120/300 ...
2026-08-28 09:14:01 DEBUG almost a flag ... BIC{ALMOST_}
2026-08-28 09:14:02 DEBUG scanning chunk 122/300 ...
2026-08-28 09:14:03 DEBUG scanning chunk 123/300 ...
2026-08-28 09:14:04 DEBUG scanning chunk 124/300 ...
2026-08-28 09:14:05 DEBUG scanning chunk 125/300 ...
2026-08-28 09:14:06 DEBUG scanning chunk 126/300 ...
2026-08-28 09:14:07 DEBUG scanning chunk 127/300 ...
2026-08-28 09:14:08 DEBUG scanning chunk 128/300 ...
2026-08-28 09:14:09 DEBUG scanning chunk 129/300 ...
2026-08-28 09:14:10 DEBUG scanning chunk 130/300 ...
2026-08-28 09:14:11 DEBUG scanning chunk 131/300 ...
2026-08-28 09:14:12 DEBUG almost a flag ... BIC{ALMOST_}
2026-08-28 09:14:13 DEBUG scanning chunk 133/300 ...
2026-08-28 09:14:14 DEBUG scanning chunk 134/300 ...
2026-08-28 09:14:15 DEBUG scanning chunk 135/300 ...
2026-08-28 09:14:16 DEBUG scanning chunk 136/300 ...
2026-08-28 09:14:17 DEBUG scanning chunk 137/300 ...
2026-08-28 09:14:18 DEBUG scanning chunk 138/300 ...
2026-08-28 09:14:19 DEBUG scanning chunk 139/300 ...
2026-08-28 09:14:20 DEBUG scanning chunk 140/300 ...
2026-08-28 09:14:21 DEBUG scanning chunk 141/300 ...
2026-08-28 09:14:22 DEBUG scanning chunk 142/300 ...
2026-08-28 09:14:23 DEBUG almost a flag ... BIC{ALMOST_}
2026-08-28 09:14:24 DEBUG scanning chunk 144/300 ...
2026-08-28 09:14:25 DEBUG scanning chunk 145/300 ...
2026-08-28 09:14:26 DEBUG scanning chunk 146/300 ...
2026-08-28 09:14:27 DEBUG scanning chunk 147/300 ...
2026-08-28 09:14:28 INFO  candidate flag found: BIC{NOT_THE_FLAG_TRY_AGAIN}
2026-08-28 09:14:29 DEBUG scanning chunk 149/300 ...
2026-08-28 09:14:30 DEBUG scanning chunk 150/300 ...
2026-08-28 09:14:31 DEBUG scanning chunk 151/300 ...
2026-08-28 09:14:32 DEBUG scanning chunk 152/300 ...
2026-08-28 09:14:33 DEBUG scanning chunk 153/300 ...
2026-08-28 09:14:34 DEBUG almost a flag ... BIC{ALMOST_}
2026-08-28 09:14:35 DEBUG scanning chunk 155/300 ...
2026-08-28 09:14:36 DEBUG scanning chunk 156/300 ...
2026-08-28 09:14:37 DEBUG scanning chunk 157/300 ...
2026-08-28 09:14:38 DEBUG scanning chunk 158/300 ...
2026-08-28 09:14:39 DEBUG scanning chunk 159/300 ...
2026-08-28 09:14:40 DEBUG scanning chunk 160/300 ...
2026-08-28 09:14:41 DEBUG scanning chunk 161/300 ...
2026-08-28 09:14:42 DEBUG scanning chunk 162/300 ...
2026-08-28 09:14:43 DEBUG scanning chunk 163/300 ...
2026-08-28 09:14:44 DEBUG scanning chunk 164/300 ...
2026-08-28 09:14:45 DEBUG almost a flag ... BIC{ALMOST_}
2026-08-28 09:14:46 DEBUG scanning chunk 166/300 ...
2026-08-28 09:14:47 DEBUG scanning chunk 167/300 ...
2026-08-28 09:14:48 DEBUG scanning chunk 168/300 ...
2026-08-28 09:14:49 DEBUG scanning chunk 169/300 ...
2026-08-28 09:14:50 DEBUG scanning chunk 170/300 ...
2026-08-28 09:14:51 DEBUG scanning chunk 171/300 ...
2026-08-28 09:14:52 DEBUG scanning chunk 172/300 ...
2026-08-28 09:14:53 DEBUG scanning chunk 173/300 ...
2026-08-28 09:14:54 DEBUG scanning chunk 174/300 ...
2026-08-28 09:14:55 DEBUG scanning chunk 175/300 ...
2026-08-28 09:14:56 DEBUG almost a flag ... BIC{ALMOST_}
2026-08-28 09:14:57 DEBUG scanning chunk 177/300 ...
2026-08-28 09:14:58 DEBUG scanning chunk 178/300 ...
2026-08-28 09:14:59 DEBUG scanning chunk 179/300 ...
2026-08-28 09:14:00 DEBUG scanning chunk 180/300 ...
2026-08-28 09:14:01 DEBUG scanning chunk 181/300 ...
2026-08-28 09:14:02 DEBUG scanning chunk 182/300 ...
2026-08-28 09:14:03 DEBUG scanning chunk 183/300 ...
2026-08-28 09:14:04 DEBUG scanning chunk 184/300 ...
2026-08-28 09:14:05 INFO  candidate flag found: BIC{NOT_THE_FLAG_TRY_AGAIN}
2026-08-28 09:14:06 DEBUG scanning chunk 186/300 ...
2026-08-28 09:14:07 DEBUG almost a flag ... BIC{ALMOST_}
2026-08-28 09:14:08 DEBUG scanning chunk 188/300 ...
2026-08-28 09:14:09 DEBUG scanning chunk 189/300 ...
2026-08-28 09:14:10 DEBUG scanning chunk 190/300 ...
2026-08-28 09:14:11 DEBUG scanning chunk 191/300 ...
2026-08-28 09:14:12 DEBUG scanning chunk 192/300 ...
2026-08-28 09:14:13 DEBUG scanning chunk 193/300 ...
2026-08-28 09:14:14 DEBUG scanning chunk 194/300 ...
2026-08-28 09:14:15 DEBUG scanning chunk 195/300 ...
2026-08-28 09:14:16 DEBUG scanning chunk 196/300 ...
2026-08-28 09:14:17 DEBUG scanning chunk 197/300 ...
2026-08-28 09:14:18 DEBUG almost a flag ... BIC{ALMOST_}
2026-08-28 09:14:19 DEBUG scanning chunk 199/300 ...
2026-08-28 09:14:20 DEBUG scanning chunk 200/300 ...
2026-08-28 09:14:21 DEBUG scanning chunk 201/300 ...
2026-08-28 09:14:22 DEBUG scanning chunk 202/300 ...
2026-08-28 09:14:23 DEBUG scanning chunk 203/300 ...
2026-08-28 09:14:24 DEBUG scanning chunk 204/300 ...
2026-08-28 09:14:25 DEBUG scanning chunk 205/300 ...
2026-08-28 09:14:26 DEBUG scanning chunk 206/300 ...
2026-08-28 09:14:27 DEBUG scanning chunk 207/300 ...
2026-08-28 09:14:28 DEBUG scanning chunk 208/300 ...
2026-08-28 09:14:29 DEBUG almost a flag ... BIC{ALMOST_}
2026-08-28 09:14:30 DEBUG scanning chunk 210/300 ...
2026-08-28 09:14:31 DEBUG scanning chunk 211/300 ...
2026-08-28 09:14:32 DEBUG scanning chunk 212/300 ...
2026-08-28 09:14:33 DEBUG scanning chunk 213/300 ...
2026-08-28 09:14:34 DEBUG scanning chunk 214/300 ...
2026-08-28 09:14:35 DEBUG scanning chunk 215/300 ...
2026-08-28 09:14:36 DEBUG scanning chunk 216/300 ...
2026-08-28 09:14:37 DEBUG scanning chunk 217/300 ...
2026-08-28 09:14:38 DEBUG scanning chunk 218/300 ...
2026-08-28 09:14:39 DEBUG scanning chunk 219/300 ...
2026-08-28 09:14:40 DEBUG almost a flag ... BIC{ALMOST_}
2026-08-28 09:14:41 DEBUG scanning chunk 221/300 ...
2026-08-28 09:14:42 INFO  candidate flag found: BIC{NOT_THE_FLAG_TRY_AGAIN}
2026-08-28 09:14:43 DEBUG scanning chunk 223/300 ...
2026-08-28 09:14:44 DEBUG scanning chunk 224/300 ...
2026-08-28 09:14:45 DEBUG scanning chunk 225/300 ...
2026-08-28 09:14:46 DEBUG scanning chunk 226/300 ...
2026-08-28 09:14:47 DEBUG scanning chunk 227/300 ...
2026-08-28 09:14:48 DEBUG scanning chunk 228/300 ...
2026-08-28 09:14:49 DEBUG scanning chunk 229/300 ...
2026-08-28 09:14:50 DEBUG scanning chunk 230/300 ...
2026-08-28 09:14:51 DEBUG almost a flag ... BIC{ALMOST_}
2026-08-28 09:14:52 DEBUG scanning chunk 232/300 ...
2026-08-28 09:14:53 DEBUG scanning chunk 233/300 ...
2026-08-28 09:14:54 DEBUG scanning chunk 234/300 ...
2026-08-28 09:14:55 DEBUG scanning chunk 235/300 ...
2026-08-28 09:14:56 DEBUG scanning chunk 236/300 ...
2026-08-28 09:14:57 DEBUG scanning chunk 237/300 ...
2026-08-28 09:14:58 DEBUG scanning chunk 238/300 ...
2026-08-28 09:14:59 DEBUG scanning chunk 239/300 ...
2026-08-28 09:14:00 DEBUG scanning chunk 240/300 ...
2026-08-28 09:14:01 DEBUG scanning chunk 241/300 ...
2026-08-28 09:14:02 DEBUG almost a flag ... BIC{ALMOST_}
2026-08-28 09:14:03 DEBUG scanning chunk 243/300 ...
2026-08-28 09:14:04 DEBUG scanning chunk 244/300 ...
2026-08-28 09:14:05 DEBUG scanning chunk 245/300 ...
2026-08-28 09:14:06 DEBUG scanning chunk 246/300 ...
2026-08-28 09:14:07 DEBUG scanning chunk 247/300 ...
2026-08-28 09:14:08 DEBUG scanning chunk 248/300 ...
2026-08-28 09:14:09 DEBUG scanning chunk 249/300 ...
2026-08-28 09:14:10 DEBUG scanning chunk 250/300 ...
2026-08-28 09:14:11 DEBUG scanning chunk 251/300 ...
2026-08-28 09:14:12 DEBUG scanning chunk 252/300 ...
2026-08-28 09:14:13 DEBUG almost a flag ... BIC{ALMOST_}
2026-08-28 09:14:14 DEBUG scanning chunk 254/300 ...
2026-08-28 09:14:15 DEBUG scanning chunk 255/300 ...
2026-08-28 09:14:16 DEBUG scanning chunk 256/300 ...
2026-08-28 09:14:17 DEBUG scanning chunk 257/300 ...
2026-08-28 09:14:18 DEBUG scanning chunk 258/300 ...
2026-08-28 09:14:19 INFO  candidate flag found: BIC{NOT_THE_FLAG_TRY_AGAIN}
2026-08-28 09:14:20 DEBUG scanning chunk 260/300 ...
2026-08-28 09:14:21 DEBUG scanning chunk 261/300 ...
2026-08-28 09:14:22 DEBUG scanning chunk 262/300 ...
2026-08-28 09:14:23 DEBUG scanning chunk 263/300 ...
2026-08-28 09:14:24 DEBUG almost a flag ... BIC{ALMOST_}
2026-08-28 09:14:25 DEBUG scanning chunk 265/300 ...
2026-08-28 09:14:26 DEBUG scanning chunk 266/300 ...
2026-08-28 09:14:27 DEBUG scanning chunk 267/300 ...
2026-08-28 09:14:28 DEBUG scanning chunk 268/300 ...
2026-08-28 09:14:29 DEBUG scanning chunk 269/300 ...
2026-08-28 09:14:30 DEBUG scanning chunk 270/300 ...
2026-08-28 09:14:31 DEBUG scanning chunk 271/300 ...
2026-08-28 09:14:32 DEBUG scanning chunk 272/300 ...
2026-08-28 09:14:33 DEBUG scanning chunk 273/300 ...
2026-08-28 09:14:34 DEBUG scanning chunk 274/300 ...
2026-08-28 09:14:35 DEBUG almost a flag ... BIC{ALMOST_}
2026-08-28 09:14:36 DEBUG scanning chunk 276/300 ...
2026-08-28 09:14:37 DEBUG scanning chunk 277/300 ...
2026-08-28 09:14:38 DEBUG scanning chunk 278/300 ...
2026-08-28 09:14:39 DEBUG scanning chunk 279/300 ...
2026-08-28 09:14:40 DEBUG scanning chunk 280/300 ...
2026-08-28 09:14:41 DEBUG scanning chunk 281/300 ...
2026-08-28 09:14:42 DEBUG scanning chunk 282/300 ...
2026-08-28 09:14:43 DEBUG scanning chunk 283/300 ...
2026-08-28 09:14:44 DEBUG scanning chunk 284/300 ...
2026-08-28 09:14:45 DEBUG scanning chunk 285/300 ...
2026-08-28 09:14:46 DEBUG almost a flag ... BIC{ALMOST_}
2026-08-28 09:14:47 DEBUG scanning chunk 287/300 ...
2026-08-28 09:14:48 DEBUG scanning chunk 288/300 ...
2026-08-28 09:14:49 DEBUG scanning chunk 289/300 ...
2026-08-28 09:14:50 DEBUG scanning chunk 290/300 ...
2026-08-28 09:14:51 DEBUG scanning chunk 291/300 ...
2026-08-28 09:14:52 DEBUG scanning chunk 292/300 ...
2026-08-28 09:14:53 DEBUG scanning chunk 293/300 ...
2026-08-28 09:14:54 DEBUG scanning chunk 294/300 ...
2026-08-28 09:14:55 DEBUG scanning chunk 295/300 ...
2026-08-28 09:14:56 INFO  candidate flag found: BIC{NOT_THE_FLAG_TRY_AGAIN}
2026-08-28 09:14:57 DEBUG almost a flag ... BIC{ALMOST_}
2026-08-28 09:14:58 DEBUG scanning chunk 298/300 ...
2026-08-28 09:14:59 DEBUG scanning chunk 299/300 ...
2026-08-28 09:14:00 DEBUG scanning chunk 300/300 ...
2026-08-28 09:19:59 INFO  build finished. No real flag in logs.
